../Core/Src/main.c:132:5:main	64	static
../Core/Src/main.c:188:6:SystemClock_Config	88	static
../Core/Src/main.c:234:13:MX_ETH_Init	8	static
../Core/Src/main.c:283:13:MX_USART3_UART_Init	8	static
../Core/Src/main.c:316:13:MX_USB_OTG_FS_PCD_Init	8	static
../Core/Src/main.c:351:13:MX_GPIO_Init	56	static
../Core/Src/main.c:406:6:zeros	24	static
../Core/Src/main.c:424:6:productoEscalar32	32	static
../Core/Src/main.c:441:6:productoEscalar16	32	static
../Core/Src/main.c:458:6:productoEscalar12	32	static
../Core/Src/main.c:481:6:filtroVentana10	48	static
../Core/Src/main.c:509:6:Error_Handler	4	static,ignoring_inline_asm
