../Core/Src/main.c:70:13:PrivilegiosSVC	40	static,ignoring_inline_asm
../Core/Src/main.c:130:5:main	32	static
../Core/Src/main.c:181:6:SystemClock_Config	88	static
../Core/Src/main.c:227:13:MX_ETH_Init	8	static
../Core/Src/main.c:276:13:MX_USART3_UART_Init	8	static
../Core/Src/main.c:309:13:MX_USB_OTG_FS_PCD_Init	8	static
../Core/Src/main.c:344:13:MX_GPIO_Init	56	static
../Core/Src/main.c:399:6:zeros	24	static
../Core/Src/main.c:417:6:productoEscalar32	32	static
../Core/Src/main.c:434:6:productoEscalar16	32	static
../Core/Src/main.c:451:6:productoEscalar12	32	static
../Core/Src/main.c:471:6:Error_Handler	4	static,ignoring_inline_asm
